2026-09-04 13:46:11,411 [INFO] Wikipedia'dan yangi joylar havzasi yig'ilmoqda (bir necha o'n soniya vaqt olishi mumkin)...
2026-09-04 13:46:12,378 [INFO] 'national park' bo'yicha 46 ta joy topildi (jami havza: 46)
2026-09-04 13:46:13,166 [INFO] 'waterfall' bo'yicha 43 ta joy topildi (jami havza: 89)
2026-09-04 13:46:14,800 [INFO] 'island' bo'yicha 48 ta joy topildi (jami havza: 137)
2026-09-04 13:46:15,655 [INFO] 'mountain range' bo'yicha 38 ta joy topildi (jami havza: 175)
2026-09-04 13:46:16,454 [INFO] 'lake' bo'yicha 46 ta joy topildi (jami havza: 221)
2026-09-04 13:46:17,892 [INFO] 'desert' bo'yicha 49 ta joy topildi (jami havza: 270)
2026-09-04 13:46:18,711 [INFO] 'cave' bo'yicha 48 ta joy topildi (jami havza: 318)
2026-09-04 13:46:19,525 [INFO] 'rainforest' bo'yicha 48 ta joy topildi (jami havza: 366)
2026-09-04 13:46:20,400 [INFO] 'beach' bo'yicha 48 ta joy topildi (jami havza: 414)
2026-09-04 13:46:21,217 [INFO] 'canyon' bo'yicha 46 ta joy topildi (jami havza: 460)
2026-09-04 13:46:21,677 [WARNING] Wikipedia qidiruvida xatolik ('volcano'): 429 Client Error: Too Many Requests for url: https://en.wikipedia.org/w/api.php?action=query&list=search&srsearch=volcano&srlimit=50&format=json
2026-09-04 13:46:21,679 [INFO] 'volcano' bo'yicha 0 ta joy topildi (jami havza: 460)
2026-09-04 13:46:22,152 [WARNING] Wikipedia qidiruvida xatolik ('nature reserve'): 429 Client Error: Too Many Requests for url: https://en.wikipedia.org/w/api.php?action=query&list=search&srsearch=nature+reserve&srlimit=50&format=json
2026-09-04 13:46:22,155 [INFO] 'nature reserve' bo'yicha 0 ta joy topildi (jami havza: 460)
2026-09-04 13:46:22,646 [WARNING] Wikipedia qidiruvida xatolik ('valley'): 429 Client Error: Too Many Requests for url: https://en.wikipedia.org/w/api.php?action=query&list=search&srsearch=valley&srlimit=50&format=json
2026-09-04 13:46:22,649 [INFO] 'valley' bo'yicha 0 ta joy topildi (jami havza: 460)
2026-09-04 13:46:23,132 [WARNING] Wikipedia qidiruvida xatolik ('fjord'): 429 Client Error: Too Many Requests for url: https://en.wikipedia.org/w/api.php?action=query&list=search&srsearch=fjord&srlimit=50&format=json
2026-09-04 13:46:23,135 [INFO] 'fjord' bo'yicha 0 ta joy topildi (jami havza: 460)
2026-09-04 13:46:23,605 [WARNING] Wikipedia qidiruvida xatolik ('coral reef'): 429 Client Error: Too Many Requests for url: https://en.wikipedia.org/w/api.php?action=query&list=search&srsearch=coral+reef&srlimit=50&format=json
2026-09-04 13:46:23,607 [INFO] 'coral reef' bo'yicha 0 ta joy topildi (jami havza: 460)
2026-09-04 13:46:24,077 [WARNING] Wikipedia qidiruvida xatolik ('glacier'): 429 Client Error: Too Many Requests for url: https://en.wikipedia.org/w/api.php?action=query&list=search&srsearch=glacier&srlimit=50&format=json
2026-09-04 13:46:24,079 [INFO] 'glacier' bo'yicha 0 ta joy topildi (jami havza: 460)
2026-09-04 13:46:24,529 [WARNING] Wikipedia qidiruvida xatolik ('hot spring'): 429 Client Error: Too Many Requests for url: https://en.wikipedia.org/w/api.php?action=query&list=search&srsearch=hot+spring&srlimit=50&format=json
2026-09-04 13:46:24,531 [INFO] 'hot spring' bo'yicha 0 ta joy topildi (jami havza: 460)
2026-09-04 13:46:24,994 [WARNING] Wikipedia qidiruvida xatolik ('sand dunes'): 429 Client Error: Too Many Requests for url: https://en.wikipedia.org/w/api.php?action=query&list=search&srsearch=sand+dunes&srlimit=50&format=json
2026-09-04 13:46:24,998 [INFO] 'sand dunes' bo'yicha 0 ta joy topildi (jami havza: 460)
2026-09-04 13:46:25,461 [WARNING] Wikipedia qidiruvida xatolik ('wildlife sanctuary'): 429 Client Error: Too Many Requests for url: https://en.wikipedia.org/w/api.php?action=query&list=search&srsearch=wildlife+sanctuary&srlimit=50&format=json
2026-09-04 13:46:25,463 [INFO] 'wildlife sanctuary' bo'yicha 0 ta joy topildi (jami havza: 460)
2026-09-04 13:46:25,923 [WARNING] Wikipedia qidiruvida xatolik ('mangrove forest'): 429 Client Error: Too Many Requests for url: https://en.wikipedia.org/w/api.php?action=query&list=search&srsearch=mangrove+forest&srlimit=50&format=json
2026-09-04 13:46:25,925 [INFO] 'mangrove forest' bo'yicha 0 ta joy topildi (jami havza: 460)
2026-09-04 13:46:26,412 [WARNING] Wikipedia qidiruvida xatolik ('archipelago'): 429 Client Error: Too Many Requests for url: https://en.wikipedia.org/w/api.php?action=query&list=search&srsearch=archipelago&srlimit=50&format=json
2026-09-04 13:46:26,416 [INFO] 'archipelago' bo'yicha 0 ta joy topildi (jami havza: 460)
2026-09-04 13:46:26,889 [WARNING] Wikipedia qidiruvida xatolik ('peninsula'): 429 Client Error: Too Many Requests for url: https://en.wikipedia.org/w/api.php?action=query&list=search&srsearch=peninsula&srlimit=50&format=json
2026-09-04 13:46:26,894 [INFO] 'peninsula' bo'yicha 0 ta joy topildi (jami havza: 460)
2026-09-04 13:46:27,393 [WARNING] Wikipedia qidiruvida xatolik ('gorge'): 429 Client Error: Too Many Requests for url: https://en.wikipedia.org/w/api.php?action=query&list=search&srsearch=gorge&srlimit=50&format=json
2026-09-04 13:46:27,395 [INFO] 'gorge' bo'yicha 0 ta joy topildi (jami havza: 460)
2026-09-04 13:46:27,884 [WARNING] Wikipedia qidiruvida xatolik ('wetland'): 429 Client Error: Too Many Requests for url: https://en.wikipedia.org/w/api.php?action=query&list=search&srsearch=wetland&srlimit=50&format=json
2026-09-04 13:46:27,887 [INFO] 'wetland' bo'yicha 0 ta joy topildi (jami havza: 460)
2026-09-04 13:46:27,900 [INFO] Bugungi yangi mavzu tanlandi: Great Lakes
2026-09-04 13:46:27,908 [INFO] Bugungi mavzu: Great Lakes | Qirra: yovvoyi tabiati | Qidiruv variantlari: ['Great Lakes wildlife animals', 'Great Lakes', 'wildlife animals', 'beautiful nature landscape']
2026-09-04 13:46:28,393 [ERROR] Wikipedia qidiruvida xatolik (Great Lakes): 429 Client Error: Too Many Requests for url: https://en.wikipedia.org/w/api.php?action=query&list=search&srsearch=Great+Lakes&format=json&srlimit=1
2026-09-04 13:46:29,325 [INFO] Video (vertikal/telefon uchun) topildi — manba: Pexels, so'rov: 'Great Lakes wildlife animals'
2026-09-04 13:46:31,268 [INFO] Video tayyorlandi (musiqa: Chord Overstreet Hold On (Lyric Video).m4a, qayta kodlash: False).
2026-09-04 13:46:45,797 [INFO] Rasm (vertikal/telefon uchun) topildi — manba: Pexels, so'rov: 'Great Lakes wildlife animals'
2026-09-04 13:46:47,085 [INFO] Muvaffaqiyatli joylandi: Great Lakes (yovvoyi tabiati) — video: ha, rasm: ha
2026-09-04 13:47:25,429 [INFO] Joylar havzasi keshdan yuklandi: 524 ta joy.
2026-09-04 13:47:25,442 [INFO] Bugungi mavzu: Great Lakes | Qirra: quyosh botishi | Qidiruv variantlari: ['Great Lakes sunset', 'Great Lakes', 'sunset', 'beautiful nature landscape']
2026-09-04 13:47:26,648 [INFO] Video (vertikal/telefon uchun) topildi — manba: Pexels, so'rov: 'Great Lakes sunset'
2026-09-04 13:47:33,127 [INFO] Video tayyorlandi (musiqa: Boney M Rasputin (Lyrics).m4a, qayta kodlash: False).
2026-09-04 13:47:36,254 [INFO] Rasm (vertikal/telefon uchun) topildi — manba: Pexels, so'rov: 'Great Lakes sunset'
2026-09-04 13:47:36,899 [INFO] Muvaffaqiyatli joylandi: Great Lakes (quyosh botishi) — video: ha, rasm: ha
2026-09-04 13:48:54,947 [INFO] Joylar havzasi keshdan yuklandi: 524 ta joy.
2026-09-04 13:48:54,956 [INFO] Bugungi mavzu: Great Lakes | Qirra: sohili | Qidiruv variantlari: ['Great Lakes beach coast', 'Great Lakes', 'beach coast', 'beautiful nature landscape']
2026-09-04 13:48:56,179 [INFO] Video (vertikal/telefon uchun) topildi — manba: Pexels, so'rov: 'Great Lakes beach coast'
2026-09-04 13:48:59,082 [INFO] Video tayyorlandi (musiqa: Alok, Alan Walker Headlights (Lyrics) ft. KIDDO.m4a, qayta kodlash: False).
2026-09-04 13:50:14,422 [INFO] Rasm (vertikal/telefon uchun) topildi — manba: Pexels, so'rov: 'Great Lakes beach coast'
2026-09-04 13:50:16,162 [INFO] Muvaffaqiyatli joylandi: Great Lakes (sohili) — video: ha, rasm: ha
2026-09-04 13:54:54,993 [INFO] Joylar havzasi keshdan yuklandi: 524 ta joy.
2026-09-04 13:54:55,005 [INFO] Bugungi mavzu: Great Lakes | Qirra: o'rmoni | Qidiruv variantlari: ['Great Lakes forest trees', 'Great Lakes', 'forest trees', 'beautiful nature landscape']
2026-09-04 13:54:57,045 [INFO] Video (vertikal/telefon uchun) topildi — manba: Pexels, so'rov: 'Great Lakes forest trees'
2026-09-04 13:55:00,654 [INFO] Video tayyorlandi (musiqa: IRUMUDI Instrumental BGM Ringtone.m4a, qayta kodlash: False).
2026-09-04 13:55:25,207 [INFO] Rasm (vertikal/telefon uchun) topildi — manba: Pexels, so'rov: 'Great Lakes forest trees'
2026-09-04 13:55:27,612 [INFO] Muvaffaqiyatli joylandi: Great Lakes (o'rmoni) — video: ha, rasm: ha
